// Jest Snapshot v1, https://goo.gl/fbAQLP

exports[`Author image component snapshot matches as author image snapshot 1`] = `
<div
  className="titleimage"
  id="title_image"
>
  <a
    href="https://example.com/12345"
    id="author_image_link"
    target="_blank"
  >
    <div
      className="authorimage"
      id="author_image"
      style={
        Object {
          "backgroundImage": "url(https://example.com/12345)",
        }
      }
    />
  </a>
</div>
`;
