// Jest Snapshot v1, https://goo.gl/fbAQLP

exports[`List filter component snapshot matches a snapshot 1`] = `
<div
  className="row"
  id="explorer_options"
  style={
    {
      "borderBottom": "",
    }
  }
>
  <div
    id="filter_container"
  >
    <div
      className="input-group input-group-sm"
    >
      <i
        className="fa fa-search searchfield-icon"
      />
      <input
        className="form-control"
        id="filter_input"
        onChange={[Function]}
        placeholder="Search..."
        type="text"
        value="case study"
      />
      <span
        className="glyphicon glyphicon-remove-circle"
        id="searchclear"
        onClick={[Function]}
      />
    </div>
  </div>
  <div
    className="dropdown"
    id="filter_parameter_container"
  >
    <div
      className="dropdown btn-group"
    >
      <button
        aria-expanded={false}
        aria-haspopup={true}
        className="dropdown-toggle btn btn-default"
        disabled={false}
        id="filter_params"
        onBlur={[Function]}
        onClick={[Function]}
        onFocus={[Function]}
        onKeyDown={[Function]}
        onMouseOut={[Function]}
        onMouseOver={[Function]}
        role="button"
        type="button"
      >
        <div
          className="flex-container"
        >
          <span
            className="truncate-text"
          >
            Filter by: 
             
            <span
              id="curr-filter-type"
            >
              All
            </span>
          </span>
          <i
            className="fas fa-chevron-down chevron"
            style={
              {
                "marginLeft": "5px",
              }
            }
          />
        </div>
      </button>
      <ul
        aria-labelledby="filter_params"
        className="dropdown-menu"
        role="menu"
      >
        <li
          className="active"
          role="presentation"
        >
          <a
            href="#"
            id="filter_option_all"
            onClick={[Function]}
            onKeyDown={[Function]}
            role="menuitem"
            tabIndex="-1"
          >
            All
          </a>
        </li>
        <li
          className=""
          role="presentation"
        >
          <a
            href="#"
            id="filter_option_open_access"
            onClick={[Function]}
            onKeyDown={[Function]}
            role="menuitem"
            tabIndex="-1"
          >
            Open access
          </a>
        </li>
      </ul>
    </div>
  </div>
  <div
    className="dropdown"
    id="sort_container"
    style={
      {
        "display": "inline-block",
      }
    }
  >
    <div
      className="dropdown btn-group"
    >
      <button
        aria-expanded={false}
        aria-haspopup={true}
        className="dropdown-toggle btn btn-default"
        disabled={false}
        id="sort"
        onBlur={[Function]}
        onClick={[Function]}
        onFocus={[Function]}
        onKeyDown={[Function]}
        onMouseOut={[Function]}
        onMouseOver={[Function]}
        role="button"
        type="button"
      >
        <div
          className="flex-container"
        >
          <span
            className="truncate-text"
          >
            Sort by: 
             
            <span
              id="curr-sort-type"
            >
              Relevance
            </span>
          </span>
          <i
            className="fas fa-chevron-down chevron"
            style={
              {
                "marginLeft": "5px",
              }
            }
          />
        </div>
      </button>
      <ul
        aria-labelledby="sort"
        className="dropdown-menu"
        role="menu"
      >
        <li
          className="active"
          role="presentation"
        >
          <a
            href="#"
            id="sort_option_relevance"
            onClick={[Function]}
            onKeyDown={[Function]}
            role="menuitem"
            tabIndex="-1"
          >
            <div
              className="truncate-text"
            >
              Relevance
            </div>
          </a>
        </li>
        <li
          className=""
          role="presentation"
        >
          <a
            href="#"
            id="sort_option_year"
            onClick={[Function]}
            onKeyDown={[Function]}
            role="menuitem"
            tabIndex="-1"
          >
            <div
              className="truncate-text"
            >
              Year
            </div>
          </a>
        </li>
      </ul>
    </div>
  </div>
</div>
`;
