// Jest Snapshot v1, https://goo.gl/fbAQLP

exports[`List filter component snapshot matches a snapshot 1`] = `
<div
  className="row"
  id="explorer_options"
  style={
    Object {
      "borderBottom": "",
    }
  }
>
  <div
    id="filter_container"
  >
    <div
      className="input-group input-group-sm"
    >
      <i
        className="fa fa-search searchfield-icon"
      />
      <input
        className="form-control"
        id="filter_input"
        onChange={[Function]}
        placeholder="Search..."
        type="text"
        value="case study"
      />
      <span
        className="glyphicon glyphicon-remove-circle"
        id="searchclear"
        onClick={[Function]}
      />
    </div>
  </div>
  <div
    className="dropdown"
    id="filter_parameter_container"
  >
    <div
      className="dropdown btn-group"
    >
      <button
        aria-expanded={false}
        aria-haspopup={true}
        className="dropdown-toggle btn btn-default"
        disabled={false}
        id="filter_params"
        onClick={[Function]}
        onKeyDown={[Function]}
        role="button"
        type="button"
      >
        Filter by: 
         
        <span
          id="curr-filter-type"
        >
          All
        </span>
         
        <span
          className="caret"
        />
      </button>
      <ul
        aria-labelledby="filter_params"
        className="dropdown-menu"
        role="menu"
      >
        <li
          className="active"
          role="presentation"
        >
          <a
            href="#"
            id="filter_option_all"
            onClick={[Function]}
            onKeyDown={[Function]}
            role="menuitem"
            tabIndex="-1"
          >
            All
          </a>
        </li>
        <li
          className=""
          role="presentation"
        >
          <a
            href="#"
            id="filter_option_open_access"
            onClick={[Function]}
            onKeyDown={[Function]}
            role="menuitem"
            tabIndex="-1"
          >
            Open access
          </a>
        </li>
      </ul>
    </div>
  </div>
  <div
    className="dropdown"
    id="sort_container"
    style={
      Object {
        "display": "inline-block",
      }
    }
  >
    <div
      className="dropdown btn-group"
    >
      <button
        aria-expanded={false}
        aria-haspopup={true}
        className="dropdown-toggle btn btn-default"
        disabled={false}
        id="sort"
        onClick={[Function]}
        onKeyDown={[Function]}
        role="button"
        type="button"
      >
        Sort by: 
         
        <span
          id="curr-sort-type"
        >
          Relevance
        </span>
         
        <span
          className="caret"
        />
      </button>
      <ul
        aria-labelledby="sort"
        className="dropdown-menu"
        role="menu"
      >
        <li
          className="active"
          role="presentation"
        >
          <a
            href="#"
            id="sort_option_relevance"
            onClick={[Function]}
            onKeyDown={[Function]}
            role="menuitem"
            tabIndex="-1"
          >
            Relevance
          </a>
        </li>
        <li
          className=""
          role="presentation"
        >
          <a
            href="#"
            id="sort_option_year"
            onClick={[Function]}
            onKeyDown={[Function]}
            role="menuitem"
            tabIndex="-1"
          >
            Year
          </a>
        </li>
      </ul>
    </div>
  </div>
</div>
`;
